micromedicao.rota:
  - rota_id: 1
  - rota_id: 2

cadastro.quadra:
  - qdra_id: 1
    rota_id: 1

cadastro.imovel:
  - imov_id: 1
    qdra_id: 1
  - imov_id: 2
    qdra_id: 1
    rota_idalternativa: 2

faturamento.faturamento_grupo:
  - ftgr_id: 1

faturamento.conta:
  - cnta_id: 1
    imov_id: 1
    dcst_idatual: 3
    cnta_amreferenciaconta: 201404
    ftgr_id: 1
  - cnta_id: 2
    imov_id: 1
    dcst_idatual: 3
    cnta_amreferenciaconta: 201404
    ftgr_id: 1
  - cnta_id: 3
    imov_id: 2
    dcst_idatual: 3
    cnta_amreferenciaconta: 201404
    ftgr_id: 1
  - cnta_id: 4
    imov_id: 2
    dcst_idatual: 3
    cnta_amreferenciaconta: 201404
    ftgr_id: 1

faturamento.credito_a_realizar:
  - crar_id: 1
    imov_id: 1
    crar_nnprestacaorealizadas: 3
    crar_amreferenciaprestacao: 201405
    crar_nnprestacaocredito: 2
  - crar_id: 2
    imov_id: 1
    crar_nnprestacaorealizadas: 6
    crar_amreferenciaprestacao: 201405
    crar_nnprestacaocredito: 1
    crar_vlresidualmesanterior: 0.00
  - crar_id: 3
    imov_id: 2
    crar_nnprestacaorealizadas: 7
    crar_vlresidualconcedidomes: 600
    crar_amreferenciaprestacao: 201405