faturamento.conta:
  - cnta_id: 1
  - cnta_id: 2
  - cnta_id: 3
  - cnta_id: 4

faturamento.credito_realizado:
  - crrz_id: 2
    cnta_id: 2