micromedicao.rota:
  - rota_id: 1
  - rota_id: 2

cadastro.quadra:
  - qdra_id: 1
    rota_id: 1

cadastro.imovel:
  - imov_id: 1
    qdra_id: 1
  - imov_id: 2
    qdra_id: 1
    rota_idalternativa: 2

faturamento.conta:
  - cnta_id: 1
    imov_id: 1
    dcst_idatual: 3
    cnta_amreferenciaconta: 201404
  - cnta_id: 2
    imov_id: 1
    dcst_idatual: 3
    cnta_amreferenciaconta: 201404
  - cnta_id: 3
    imov_id: 2
    dcst_idatual: 3
    cnta_amreferenciaconta: 201404
  - cnta_id: 4
    imov_id: 2
    dcst_idatual: 3
    cnta_amreferenciaconta: 201404

faturamento.debito_a_cobrar:
  - dbac_id: 1
    imov_id: 1
    dbac_nnprestacaocobradas: 4
    dbac_amreferenciaprestacao: 201405
  - dbac_id: 2
    imov_id: 1
    dbac_nnprestacaocobradas: 7
    dbac_amreferenciaprestacao: 201405
  - dbac_id: 3
    imov_id: 2
    dbac_nnprestacaocobradas: 6
    dbac_amreferenciaprestacao: 201405